Archive member included because of file (symbol)

d:/tools/atmel/atmel toolchain/avr32 gcc/native/3.4.1067/avr32-gnu-toolchain/bin/../lib/gcc/avr32/4.4.7/../../../../avr32/lib\libg.a(lib_a-atexit.o)
                              d:/tools/atmel/atmel toolchain/avr32 gcc/native/3.4.1067/avr32-gnu-toolchain/bin/../lib/gcc/avr32/4.4.7/../../../../avr32/lib/crt0.o (atexit)
d:/tools/atmel/atmel toolchain/avr32 gcc/native/3.4.1067/avr32-gnu-toolchain/bin/../lib/gcc/avr32/4.4.7/../../../../avr32/lib\libg.a(lib_a-exit.o)
                              d:/tools/atmel/atmel toolchain/avr32 gcc/native/3.4.1067/avr32-gnu-toolchain/bin/../lib/gcc/avr32/4.4.7/../../../../avr32/lib/crt0.o (exit)
d:/tools/atmel/atmel toolchain/avr32 gcc/native/3.4.1067/avr32-gnu-toolchain/bin/../lib/gcc/avr32/4.4.7/../../../../avr32/lib\libg.a(lib_a-impure.o)
                              d:/tools/atmel/atmel toolchain/avr32 gcc/native/3.4.1067/avr32-gnu-toolchain/bin/../lib/gcc/avr32/4.4.7/../../../../avr32/lib\libg.a(lib_a-exit.o) (_global_impure_ptr)
d:/tools/atmel/atmel toolchain/avr32 gcc/native/3.4.1067/avr32-gnu-toolchain/bin/../lib/gcc/avr32/4.4.7/../../../../avr32/lib\libg.a(lib_a-syscalls.o)
                              d:/tools/atmel/atmel toolchain/avr32 gcc/native/3.4.1067/avr32-gnu-toolchain/bin/../lib/gcc/avr32/4.4.7/../../../../avr32/lib/crt0.o (_init_startup)
d:/tools/atmel/atmel toolchain/avr32 gcc/native/3.4.1067/avr32-gnu-toolchain/bin/../lib/gcc/avr32/4.4.7/../../../../avr32/lib\libg.a(lib_a-__atexit.o)
                              d:/tools/atmel/atmel toolchain/avr32 gcc/native/3.4.1067/avr32-gnu-toolchain/bin/../lib/gcc/avr32/4.4.7/../../../../avr32/lib\libg.a(lib_a-atexit.o) (__register_exitproc)
d:/tools/atmel/atmel toolchain/avr32 gcc/native/3.4.1067/avr32-gnu-toolchain/bin/../lib/gcc/avr32/4.4.7/../../../../avr32/lib\libg.a(lib_a-__call_atexit.o)
                              d:/tools/atmel/atmel toolchain/avr32 gcc/native/3.4.1067/avr32-gnu-toolchain/bin/../lib/gcc/avr32/4.4.7/../../../../avr32/lib\libg.a(lib_a-exit.o) (__call_exitprocs)
d:/tools/atmel/atmel toolchain/avr32 gcc/native/3.4.1067/avr32-gnu-toolchain/bin/../lib/gcc/avr32/4.4.7/../../../../avr32/lib\libg.a(lib_a-errno.o)
                              d:/tools/atmel/atmel toolchain/avr32 gcc/native/3.4.1067/avr32-gnu-toolchain/bin/../lib/gcc/avr32/4.4.7/../../../../avr32/lib\libg.a(lib_a-syscalls.o) (__errno)
d:/tools/atmel/atmel toolchain/avr32 gcc/native/3.4.1067/avr32-gnu-toolchain/bin/../lib/gcc/avr32/4.4.7/../../../../avr32/lib\libg.a(lib_a-findfp.o)
                              d:/tools/atmel/atmel toolchain/avr32 gcc/native/3.4.1067/avr32-gnu-toolchain/bin/../lib/gcc/avr32/4.4.7/../../../../avr32/lib\libg.a(lib_a-impure.o) (__sf_fake_stdin)
d:/tools/atmel/atmel toolchain/avr32 gcc/native/3.4.1067/avr32-gnu-toolchain/bin/../lib/gcc/avr32/4.4.7/../../../../avr32/lib\libg.a(lib_a-fwalk.o)
                              d:/tools/atmel/atmel toolchain/avr32 gcc/native/3.4.1067/avr32-gnu-toolchain/bin/../lib/gcc/avr32/4.4.7/../../../../avr32/lib\libg.a(lib_a-findfp.o) (_fwalk)
d:/tools/atmel/atmel toolchain/avr32 gcc/native/3.4.1067/avr32-gnu-toolchain/bin/../lib/gcc/avr32/4.4.7/../../../../avr32/lib\libg.a(lib_a-malloc.o)
                              d:/tools/atmel/atmel toolchain/avr32 gcc/native/3.4.1067/avr32-gnu-toolchain/bin/../lib/gcc/avr32/4.4.7/../../../../avr32/lib\libg.a(lib_a-__call_atexit.o) (free)
d:/tools/atmel/atmel toolchain/avr32 gcc/native/3.4.1067/avr32-gnu-toolchain/bin/../lib/gcc/avr32/4.4.7/../../../../avr32/lib\libg.a(lib_a-mallocr.o)
                              d:/tools/atmel/atmel toolchain/avr32 gcc/native/3.4.1067/avr32-gnu-toolchain/bin/../lib/gcc/avr32/4.4.7/../../../../avr32/lib\libg.a(lib_a-findfp.o) (_malloc_r)
d:/tools/atmel/atmel toolchain/avr32 gcc/native/3.4.1067/avr32-gnu-toolchain/bin/../lib/gcc/avr32/4.4.7/../../../../avr32/lib\libg.a(lib_a-memset.o)
                              d:/tools/atmel/atmel toolchain/avr32 gcc/native/3.4.1067/avr32-gnu-toolchain/bin/../lib/gcc/avr32/4.4.7/../../../../avr32/lib\libg.a(lib_a-findfp.o) (memset)
d:/tools/atmel/atmel toolchain/avr32 gcc/native/3.4.1067/avr32-gnu-toolchain/bin/../lib/gcc/avr32/4.4.7/../../../../avr32/lib\libg.a(lib_a-mlock.o)
                              d:/tools/atmel/atmel toolchain/avr32 gcc/native/3.4.1067/avr32-gnu-toolchain/bin/../lib/gcc/avr32/4.4.7/../../../../avr32/lib\libg.a(lib_a-mallocr.o) (__malloc_lock)
d:/tools/atmel/atmel toolchain/avr32 gcc/native/3.4.1067/avr32-gnu-toolchain/bin/../lib/gcc/avr32/4.4.7/../../../../avr32/lib\libg.a(lib_a-reent.o)
                              d:/tools/atmel/atmel toolchain/avr32 gcc/native/3.4.1067/avr32-gnu-toolchain/bin/../lib/gcc/avr32/4.4.7/../../../../avr32/lib\libg.a(lib_a-syscalls.o) (errno)
d:/tools/atmel/atmel toolchain/avr32 gcc/native/3.4.1067/avr32-gnu-toolchain/bin/../lib/gcc/avr32/4.4.7/../../../../avr32/lib\libg.a(lib_a-sbrkr.o)
[...]
Memory Configuration

Name             Origin             Length             Attributes
FLASH            0x00000000         0x04000000         axrl
CPUSRAM          0x24000000         0x00008000         axrw
*default*        0x00000000         0xffffffff

Linker script and memory map

                0x00001000                _stack_size = 0x1000
LOAD d:/tools/atmel/atmel toolchain/avr32 gcc/native/3.4.1067/avr32-gnu-toolchain/bin/../lib/gcc/avr32/4.4.7/../../../../avr32/lib/crt0.o
LOAD d:/tools/atmel/atmel toolchain/avr32 gcc/native/3.4.1067/avr32-gnu-toolchain/bin/../lib/gcc/avr32/4.4.7/crti.o
LOAD d:/tools/atmel/atmel toolchain/avr32 gcc/native/3.4.1067/avr32-gnu-toolchain/bin/../lib/gcc/avr32/4.4.7/crtbegin.o
START GROUP
LOAD d:/tools/atmel/atmel toolchain/avr32 gcc/native/3.4.1067/avr32-gnu-toolchain/bin/../lib/gcc/avr32/4.4.7/../../../../avr32/lib\libm.a
END GROUP
LOAD Debug/entry.o
LOAD Debug/process.o
LOAD Debug/scheduler.o
LOAD d:/tools/atmel/atmel toolchain/avr32 gcc/native/3.4.1067/avr32-gnu-toolchain/bin/../lib/gcc/avr32/4.4.7\libgcc.a
LOAD d:/tools/atmel/atmel toolchain/avr32 gcc/native/3.4.1067/avr32-gnu-toolchain/bin/../lib/gcc/avr32/4.4.7/../../../../avr32/lib\libg.a
LOAD d:/tools/atmel/atmel toolchain/avr32 gcc/native/3.4.1067/avr32-gnu-toolchain/bin/../lib/gcc/avr32/4.4.7/../../../../avr32/lib\libc.a
LOAD d:/tools/atmel/atmel toolchain/avr32 gcc/native/3.4.1067/avr32-gnu-toolchain/bin/../lib/gcc/avr32/4.4.7\libgcc.a
LOAD d:/tools/atmel/atmel toolchain/avr32 gcc/native/3.4.1067/avr32-gnu-toolchain/bin/../lib/gcc/avr32/4.4.7/crtend.o
LOAD d:/tools/atmel/atmel toolchain/avr32 gcc/native/3.4.1067/avr32-gnu-toolchain/bin/../lib/gcc/avr32/4.4.7/crtn.o
                0xa0000000                PROVIDE (__executable_start, 0xa0000000)
                0xa0000000                . = 0xa0000000

.interp
 *(.interp)

.reset          0x00000000        0x8
 *(.reset)
 .reset         0x00000000        0x8 d:/tools/atmel/atmel toolchain/avr32 gcc/native/3.4.1067/avr32-gnu-toolchain/bin/../lib/gcc/avr32/4.4.7/../../../../avr32/lib/crt0.o
                0x00000000                _start
                0x00000008                . = (. & 0x9fffffff)

.hash
 *(.hash)

.dynsym
 *(.dynsym)

.dynstr
 *(.dynstr)

.gnu.version
 *(.gnu.version)

.gnu.version_d
 *(.gnu.version_d)

.gnu.version_r
 *(.gnu.version_r)

.rel.init
 *(.rel.init)

.rela.init
 *(.rela.init)

.rel.text
 *(.rel.text .rel.text.* .rel.gnu.linkonce.t.*)

.rela.text
 *(.rela.text .rela.text.* .rela.gnu.linkonce.t.*)

.rel.fini
 *(.rel.fini)

.rela.fini
 *(.rela.fini)

.rel.rodata
 *(.rel.rodata .rel.rodata.* .rel.gnu.linkonce.r.*)

.rela.rodata
 *(.rela.rodata .rela.rodata.* .rela.gnu.linkonce.r.*)

.rel.data.rel.ro
 *(.rel.data.rel.ro*)

.rela.data.rel.ro
 *(.rel.data.rel.ro*)

.rel.data
 *(.rel.data .rel.data.* .rel.gnu.linkonce.d.*)

.rela.data
 *(.rela.data .rela.data.* .rela.gnu.linkonce.d.*)

.rel.tdata
 *(.rel.tdata .rel.tdata.* .rel.gnu.linkonce.td.*)

.rela.tdata
 *(.rela.tdata .rela.tdata.* .rela.gnu.linkonce.td.*)

.rel.tbss
 *(.rel.tbss .rel.tbss.* .rel.gnu.linkonce.tb.*)

.rela.tbss
 *(.rela.tbss .rela.tbss.* .rela.gnu.linkonce.tb.*)

.rel.ctors
 *(.rel.ctors)

.rela.ctors
 *(.rela.ctors)

.rel.dtors
 *(.rel.dtors)

.rela.dtors
 *(.rela.dtors)

.rel.got
 *(.rel.got)

.rela.got       0x00000008        0x0
 *(.rela.got)
 .rela.got      0x00000008        0x0 d:/tools/atmel/atmel toolchain/avr32 gcc/native/3.4.1067/avr32-gnu-toolchain/bin/../lib/gcc/avr32/4.4.7/../../../../avr32/lib/crt0.o

.rel.bss
 *(.rel.bss .rel.bss.* .rel.gnu.linkonce.b.*)

.rela.bss
 *(.rela.bss .rela.bss.* .rela.gnu.linkonce.b.*)

.rel.plt
 *(.rel.plt)

.rela.plt
 *(.rela.plt)

.init           0x00000008       0x1a
 *(.init)
 .init          0x00000008       0x10 d:/tools/atmel/atmel toolchain/avr32 gcc/native/3.4.1067/avr32-gnu-toolchain/bin/../lib/gcc/avr32/4.4.7/crti.o
                0x00000008                _init
 .init          0x00000018        0x2 d:/tools/atmel/atmel toolchain/avr32 gcc/native/3.4.1067/avr32-gnu-toolchain/bin/../lib/gcc/avr32/4.4.7/crtbegin.o
                                  0x4 (size before relaxing)
 .init          0x0000001a        0x4 d:/tools/atmel/atmel toolchain/avr32 gcc/native/3.4.1067/avr32-gnu-toolchain/bin/../lib/gcc/avr32/4.4.7/crtend.o
 .init          0x0000001e        0x4 d:/tools/atmel/atmel toolchain/avr32 gcc/native/3.4.1067/avr32-gnu-toolchain/bin/../lib/gcc/avr32/4.4.7/crtn.o

.plt
 *(.plt)

.text           0x00000024      0x964
 *(.text .stub .text.* .gnu.linkonce.t.*)
 .text          0x00000024       0x60 d:/tools/atmel/atmel toolchain/avr32 gcc/native/3.4.1067/avr32-gnu-toolchain/bin/../lib/gcc/avr32/4.4.7/../../../../avr32/lib/crt0.o
                                 0x84 (size before relaxing)
                0x00000024                _stext
 .text          0x00000084       0x64 d:/tools/atmel/atmel toolchain/avr32 gcc/native/3.4.1067/avr32-gnu-toolchain/bin/../lib/gcc/avr32/4.4.7/crtbegin.o
 .text          0x000000e8        0x2 Debug/entry.o
                0x000000e8                main
 *fill*         0x000000ea        0x2 d703d703
 .text.atexit   0x000000ec       0x10 d:/tools/atmel/atmel toolchain/avr32 gcc/native/3.4.1067/avr32-gnu-toolchain/bin/../lib/gcc/avr32/4.4.7/../../../../avr32/lib\libg.a(lib_a-atexit.o)
                                 0x14 (size before relaxing)
                0x000000ec                atexit
 .text.exit     0x000000fc       0x1c d:/tools/atmel/atmel toolchain/avr32 gcc/native/3.4.1067/avr32-gnu-toolchain/bin/../lib/gcc/avr32/4.4.7/../../../../avr32/lib\libg.a(lib_a-exit.o)
                                 0x28 (size before relaxing)
                0x000000fc                exit
 .text._init_startup
                0x00000118        0x2 d:/tools/atmel/atmel toolchain/avr32 gcc/native/3.4.1067/avr32-gnu-toolchain/bin/../lib/gcc/avr32/4.4.7/../../../../avr32/lib\libg.a(lib_a-syscalls.o)
                0x00000118                _init_startup
 .text._init_argv
                0x0000011a        0xa d:/tools/atmel/atmel toolchain/avr32 gcc/native/3.4.1067/avr32-gnu-toolchain/bin/../lib/gcc/avr32/4.4.7/../../../../avr32/lib\libg.a(lib_a-syscalls.o)
                0x0000011a                _init_argv
 .text._exit    0x00000124        0xa d:/tools/atmel/atmel toolchain/avr32 gcc/native/3.4.1067/avr32-gnu-toolchain/bin/../lib/gcc/avr32/4.4.7/../../../../avr32/lib\libg.a(lib_a-syscalls.o)
                0x00000124                _exit
 *fill*         0x0000012e        0x2 d703d703
 .text._sbrk    0x00000130       0x3c d:/tools/atmel/atmel toolchain/avr32 gcc/native/3.4.1067/avr32-gnu-toolchain/bin/../lib/gcc/avr32/4.4.7/../../../../avr32/lib\libg.a(lib_a-syscalls.o)
                                 0x40 (size before relaxing)
                0x00000130                _sbrk
 .text.__register_exitproc
                0x0000016c       0xa4 d:/tools/atmel/atmel toolchain/avr32 gcc/native/3.4.1067/avr32-gnu-toolchain/bin/../lib/gcc/avr32/4.4.7/../../../../avr32/lib\libg.a(lib_a-__atexit.o)
                                 0xac (size before relaxing)
                0x0000016c                __register_exitproc
 .text.__call_exitprocs
                0x00000210       0xc8 d:/tools/atmel/atmel toolchain/avr32 gcc/native/3.4.1067/avr32-gnu-toolchain/bin/../lib/gcc/avr32/4.4.7/../../../../avr32/lib\libg.a(lib_a-__call_atexit.o)
                                 0xd0 (size before relaxing)
                0x00000210                __call_exitprocs
 .text.__errno  0x000002d8        0xc d:/tools/atmel/atmel toolchain/avr32 gcc/native/3.4.1067/avr32-gnu-toolchain/bin/../lib/gcc/avr32/4.4.7/../../../../avr32/lib\libg.a(lib_a-errno.o)
                0x000002d8                __errno
 .text.free     0x000002e4       0x14 d:/tools/atmel/atmel toolchain/avr32 gcc/native/3.4.1067/avr32-gnu-toolchain/bin/../lib/gcc/avr32/4.4.7/../../../../avr32/lib\libg.a(lib_a-malloc.o)
                                 0x18 (size before relaxing)
                0x000002e4                free
 .text.malloc   0x000002f8       0x10 d:/tools/atmel/atmel toolchain/avr32 gcc/native/3.4.1067/avr32-gnu-toolchain/bin/../lib/gcc/avr32/4.4.7/../../../../avr32/lib\libg.a(lib_a-malloc.o)
                                 0x18 (size before relaxing)
                0x000002f8                malloc
 .text._malloc_r
                0x00000308      0x42c d:/tools/atmel/atmel toolchain/avr32 gcc/native/3.4.1067/avr32-gnu-toolchain/bin/../lib/gcc/avr32/4.4.7/../../../../avr32/lib\libg.a(lib_a-mallocr.o)
                                0x450 (size before relaxing)
                0x00000308                _malloc_r
 .text.__malloc_lock
                0x00000734        0x2 d:/tools/atmel/atmel toolchain/avr32 gcc/native/3.4.1067/avr32-gnu-toolchain/bin/../lib/gcc/avr32/4.4.7/../../../../avr32/lib\libg.a(lib_a-mlock.o)
                0x00000734                __malloc_lock
 .text.__malloc_unlock
                0x00000736        0x2 d:/tools/atmel/atmel toolchain/avr32 gcc/native/3.4.1067/avr32-gnu-toolchain/bin/../lib/gcc/avr32/4.4.7/../../../../avr32/lib\libg.a(lib_a-mlock.o)
                0x00000736                __malloc_unlock
 .text._sbrk_r  0x00000738       0x24 d:/tools/atmel/atmel toolchain/avr32 gcc/native/3.4.1067/avr32-gnu-toolchain/bin/../lib/gcc/avr32/4.4.7/../../../../avr32/lib\libg.a(lib_a-sbrkr.o)
                                 0x28 (size before relaxing)
                0x00000738                _sbrk_r
 .text._malloc_trim_r
                0x0000075c       0x90 d:/tools/atmel/atmel toolchain/avr32 gcc/native/3.4.1067/avr32-gnu-toolchain/bin/../lib/gcc/avr32/4.4.7/../../../../avr32/lib\libg.a(lib_a-freer.o)
                                 0xa8 (size before relaxing)
                0x0000075c                _malloc_trim_r
 .text._free_r  0x000007ec      0x184 d:/tools/atmel/atmel toolchain/avr32 gcc/native/3.4.1067/avr32-gnu-toolchain/bin/../lib/gcc/avr32/4.4.7/../../../../avr32/lib\libg.a(lib_a-freer.o)
                                0x1a0 (size before relaxing)
                0x000007ec                _free_r
 .text          0x00000970       0x18 d:/tools/atmel/atmel toolchain/avr32 gcc/native/3.4.1067/avr32-gnu-toolchain/bin/../lib/gcc/avr32/4.4.7/crtend.o
 *(.text.*personality*)
 *(.gnu.warning)

.fini           0x00000988       0x18
 *(.fini)
 .fini          0x00000988       0x10 d:/tools/atmel/atmel toolchain/avr32 gcc/native/3.4.1067/avr32-gnu-toolchain/bin/../lib/gcc/avr32/4.4.7/crti.o
                0x00000988                _fini
 .fini          0x00000998        0x4 d:/tools/atmel/atmel toolchain/avr32 gcc/native/3.4.1067/avr32-gnu-toolchain/bin/../lib/gcc/avr32/4.4.7/crtbegin.o
 .fini          0x0000099c        0x4 d:/tools/atmel/atmel toolchain/avr32 gcc/native/3.4.1067/avr32-gnu-toolchain/bin/../lib/gcc/avr32/4.4.7/crtn.o
                0x000009a0                PROVIDE (__etext, .)
                0x000009a0                PROVIDE (_etext, .)
                0x000009a0                PROVIDE (etext, .)

.rodata         0x000009a0       0x68
 *(.rodata .rodata.* .gnu.linkonce.r.*)
 .rodata.str1.4
                0x000009a0        0x4 d:/tools/atmel/atmel toolchain/avr32 gcc/native/3.4.1067/avr32-gnu-toolchain/bin/../lib/gcc/avr32/4.4.7/../../../../avr32/lib\libg.a(lib_a-impure.o)
 .rodata._global_impure_ptr
                0x000009a4        0x4 d:/tools/atmel/atmel toolchain/avr32 gcc/native/3.4.1067/avr32-gnu-toolchain/bin/../lib/gcc/avr32/4.4.7/../../../../avr32/lib\libg.a(lib_a-impure.o)
                0x000009a4                _global_impure_ptr
 .rodata.__sf_fake_stdin
                0x000009a8       0x20 d:/tools/atmel/atmel toolchain/avr32 gcc/native/3.4.1067/avr32-gnu-toolchain/bin/../lib/gcc/avr32/4.4.7/../../../../avr32/lib\libg.a(lib_a-findfp.o)
                0x000009a8                __sf_fake_stdin
 .rodata.__sf_fake_stdout
                0x000009c8       0x20 d:/tools/atmel/atmel toolchain/avr32 gcc/native/3.4.1067/avr32-gnu-toolchain/bin/../lib/gcc/avr32/4.4.7/../../../../avr32/lib\libg.a(lib_a-findfp.o)
                0x000009c8                __sf_fake_stdout
 .rodata.__sf_fake_stderr
                0x000009e8       0x20 d:/tools/atmel/atmel toolchain/avr32 gcc/native/3.4.1067/avr32-gnu-toolchain/bin/../lib/gcc/avr32/4.4.7/../../../../avr32/lib\libg.a(lib_a-findfp.o)
                0x000009e8                __sf_fake_stderr

.rodata1
 *(.rodata1)

.eh_frame_hdr
 *(.eh_frame_hdr)

.eh_frame
 *(.eh_frame)

.gcc_except_table
 *(.gcc_except_table)
 *(.gcc_except_table.*)

.dalign         0x00000a08        0x0
                0x00000a08                . = ALIGN (0x8)
                0x00000a08                PROVIDE (_data_lma, .)
                0x24000000                PROVIDE (_data, ORIGIN (CPUSRAM))
                0x24000000                . = ORIGIN (CPUSRAM)

.eh_frame
 *(.eh_frame)

.gcc_except_table
 *(.gcc_except_table)
 *(.gcc_except_table.*)

.tdata
 *(.tdata .tdata.* .gnu.linkonce.td.*)

.tbss
 *(.tbss .tbss.* .gnu.linkonce.tb.*)
 *(.tcommon)
                0x24000000                PROVIDE (__preinit_array_start, ALIGN (0x4))

.preinit_array
 *(.preinit_array)
                0x24000000                PROVIDE (__preinit_array_end, .)
                0x24000000                PROVIDE (__init_array_start, .)

.init_array
 *(.init_array)
                0x24000000                PROVIDE (__init_array_end, .)
                0x24000000                PROVIDE (__fini_array_start, .)

.fini_array
 *(.fini_array)
                0x24000000                PROVIDE (__fini_array_end, .)

.ctors          0x24000000        0x8 load address 0x00000a08
 *crtbegin*.o(.ctors)
 .ctors         0x24000000        0x4 d:/tools/atmel/atmel toolchain/avr32 gcc/native/3.4.1067/avr32-gnu-toolchain/bin/../lib/gcc/avr32/4.4.7/crtbegin.o
 *(EXCLUDE_FILE(*crtend*.o) .ctors)
 *(SORT(.ctors.*))
 *(.ctors)
 .ctors         0x24000004        0x4 d:/tools/atmel/atmel toolchain/avr32 gcc/native/3.4.1067/avr32-gnu-toolchain/bin/../lib/gcc/avr32/4.4.7/crtend.o

.dtors          0x24000008        0x8 load address 0x00000a10
 *crtbegin*.o(.dtors)
 .dtors         0x24000008        0x4 d:/tools/atmel/atmel toolchain/avr32 gcc/native/3.4.1067/avr32-gnu-toolchain/bin/../lib/gcc/avr32/4.4.7/crtbegin.o
 *(EXCLUDE_FILE(*crtend*.o) .dtors)
 *(SORT(.dtors.*))
 *(.dtors)
 .dtors         0x2400000c        0x4 d:/tools/atmel/atmel toolchain/avr32 gcc/native/3.4.1067/avr32-gnu-toolchain/bin/../lib/gcc/avr32/4.4.7/crtend.o
                0x2400000c                __DTOR_END__

.jcr            0x24000010        0x4 load address 0x00000a18
 *(.jcr)
 .jcr           0x24000010        0x0 d:/tools/atmel/atmel toolchain/avr32 gcc/native/3.4.1067/avr32-gnu-toolchain/bin/../lib/gcc/avr32/4.4.7/crtbegin.o
 .jcr           0x24000010        0x4 d:/tools/atmel/atmel toolchain/avr32 gcc/native/3.4.1067/avr32-gnu-toolchain/bin/../lib/gcc/avr32/4.4.7/crtend.o

.data.rel.ro
 *(.data.rel.ro.local)
 *(.data.rel.ro*)

.dynamic
 *(.dynamic)

.got            0x24000014        0x0 load address 0x00000a1c
 *(.got.plt)
 *(.got)
 .got           0x24000014        0x0 d:/tools/atmel/atmel toolchain/avr32 gcc/native/3.4.1067/avr32-gnu-toolchain/bin/../lib/gcc/avr32/4.4.7/../../../../avr32/lib/crt0.o
                0x24000014                _GLOBAL_OFFSET_TABLE_

.data           0x24000014      0x504 load address 0x00000a1c
 *(.data .data.* .gnu.linkonce.d.*)
 .data.impure_data
                0x24000014       0xf0 d:/tools/atmel/atmel toolchain/avr32 gcc/native/3.4.1067/avr32-gnu-toolchain/bin/../lib/gcc/avr32/4.4.7/../../../../avr32/lib\libg.a(lib_a-impure.o)
 .data._impure_ptr
                0x24000104        0x4 d:/tools/atmel/atmel toolchain/avr32 gcc/native/3.4.1067/avr32-gnu-toolchain/bin/../lib/gcc/avr32/4.4.7/../../../../avr32/lib\libg.a(lib_a-impure.o)
                0x24000104                _impure_ptr
 .data.__malloc_av_
                0x24000108      0x408 d:/tools/atmel/atmel toolchain/avr32 gcc/native/3.4.1067/avr32-gnu-toolchain/bin/../lib/gcc/avr32/4.4.7/../../../../avr32/lib\libg.a(lib_a-mallocr.o)
                0x24000108                __malloc_av_
 .data.__malloc_trim_threshold
                0x24000510        0x4 d:/tools/atmel/atmel toolchain/avr32 gcc/native/3.4.1067/avr32-gnu-toolchain/bin/../lib/gcc/avr32/4.4.7/../../../../avr32/lib\libg.a(lib_a-mallocr.o)
                0x24000510                __malloc_trim_threshold
 .data.__malloc_sbrk_base
                0x24000514        0x4 d:/tools/atmel/atmel toolchain/avr32 gcc/native/3.4.1067/avr32-gnu-toolchain/bin/../lib/gcc/avr32/4.4.7/../../../../avr32/lib\libg.a(lib_a-mallocr.o)
                0x24000514                __malloc_sbrk_base
 *(.gnu.linkonce.d.*personality*)

.data1
 *(.data1)

.balign         0x24000518        0x0 load address 0x00000f20
                0x24000518                . = ALIGN (0x8)
 *fill*         0x24000518        0x0 
                0x24000518                _edata = .
                0x24000518                _edata = .
                0x24000518                PROVIDE (edata, .)
                0x24000518                __bss_start = .

.bss            0x24000518       0x48 load address 0x00000f20
 *(.dynbss)
 *(.bss .bss.* .gnu.linkonce.b.*)
 .bss           0x24000518        0x8 d:/tools/atmel/atmel toolchain/avr32 gcc/native/3.4.1067/avr32-gnu-toolchain/bin/../lib/gcc/avr32/4.4.7/crtbegin.o
 .bss.cur_heap_pos.1869
                0x24000520        0x4 d:/tools/atmel/atmel toolchain/avr32 gcc/native/3.4.1067/avr32-gnu-toolchain/bin/../lib/gcc/avr32/4.4.7/../../../../avr32/lib\libg.a(lib_a-syscalls.o)
 .bss.__malloc_max_total_mem
                0x24000524        0x4 d:/tools/atmel/atmel toolchain/avr32 gcc/native/3.4.1067/avr32-gnu-toolchain/bin/../lib/gcc/avr32/4.4.7/../../../../avr32/lib\libg.a(lib_a-mallocr.o)
                0x24000524                __malloc_max_total_mem
 .bss.__malloc_max_sbrked_mem
                0x24000528        0x4 d:/tools/atmel/atmel toolchain/avr32 gcc/native/3.4.1067/avr32-gnu-toolchain/bin/../lib/gcc/avr32/4.4.7/../../../../avr32/lib\libg.a(lib_a-mallocr.o)
                0x24000528                __malloc_max_sbrked_mem
 .bss.__malloc_top_pad
                0x2400052c        0x4 d:/tools/atmel/atmel toolchain/avr32 gcc/native/3.4.1067/avr32-gnu-toolchain/bin/../lib/gcc/avr32/4.4.7/../../../../avr32/lib\libg.a(lib_a-mallocr.o)
                0x2400052c                __malloc_top_pad
 .bss.__malloc_current_mallinfo
                0x24000530       0x28 d:/tools/atmel/atmel toolchain/avr32 gcc/native/3.4.1067/avr32-gnu-toolchain/bin/../lib/gcc/avr32/4.4.7/../../../../avr32/lib\libg.a(lib_a-mallocr.o)
                0x24000530                __malloc_current_mallinfo
 *(COMMON)
 COMMON         0x24000558        0x4 d:/tools/atmel/atmel toolchain/avr32 gcc/native/3.4.1067/avr32-gnu-toolchain/bin/../lib/gcc/avr32/4.4.7/../../../../avr32/lib\libg.a(lib_a-reent.o)
                0x24000558                errno
                0x24000560                . = ALIGN (0x8)
 *fill*         0x2400055c        0x4 
                0x24000560                . = ALIGN (0x8)
                0x24000560                _end = .
                0x24000560                PROVIDE (end, .)
                0x24000560                __heap_start__ = ALIGN (0x8)
                0x24007000                . = ((ORIGIN (CPUSRAM) + 0x8000) - _stack_size)
                0x24007000                __heap_end__ = .

.stab
 *(.stab)

.stabstr
 *(.stabstr)

.stab.excl
 *(.stab.excl)

.stab.exclstr
 *(.stab.exclstr)

.stab.index
 *(.stab.index)

.stab.indexstr
 *(.stab.indexstr)

.comment        0x00000000       0x30
 *(.comment)
 .comment       0x00000000       0x30 d:/tools/atmel/atmel toolchain/avr32 gcc/native/3.4.1067/avr32-gnu-toolchain/bin/../lib/gcc/avr32/4.4.7/crtbegin.o
                                 0x31 (size before relaxing)
 .comment       0x00000000       0x31 Debug/entry.o
 .comment       0x00000000       0x31 d:/tools/atmel/atmel toolchain/avr32 gcc/native/3.4.1067/avr32-gnu-toolchain/bin/../lib/gcc/avr32/4.4.7/../../../../avr32/lib\libg.a(lib_a-atexit.o)
 .comment       0x00000000       0x31 d:/tools/atmel/atmel toolchain/avr32 gcc/native/3.4.1067/avr32-gnu-toolchain/bin/../lib/gcc/avr32/4.4.7/../../../../avr32/lib\libg.a(lib_a-exit.o)
 .comment       0x00000000       0x31 d:/tools/atmel/atmel toolchain/avr32 gcc/native/3.4.1067/avr32-gnu-toolchain/bin/../lib/gcc/avr32/4.4.7/../../../../avr32/lib\libg.a(lib_a-impure.o)
 .comment       0x00000000       0x31 d:/tools/atmel/atmel toolchain/avr32 gcc/native/3.4.1067/avr32-gnu-toolchain/bin/../lib/gcc/avr32/4.4.7/../../../../avr32/lib\libg.a(lib_a-syscalls.o)
 .comment       0x00000000       0x31 d:/tools/atmel/atmel toolchain/avr32 gcc/native/3.4.1067/avr32-gnu-toolchain/bin/../lib/gcc/avr32/4.4.7/../../../../avr32/lib\libg.a(lib_a-__atexit.o)
 .comment       0x00000000       0x31 d:/tools/atmel/atmel toolchain/avr32 gcc/native/3.4.1067/avr32-gnu-toolchain/bin/../lib/gcc/avr32/4.4.7/../../../../avr32/lib\libg.a(lib_a-__call_atexit.o)
 .comment       0x00000000       0x31 d:/tools/atmel/atmel toolchain/avr32 gcc/native/3.4.1067/avr32-gnu-toolchain/bin/../lib/gcc/avr32/4.4.7/../../../../avr32/lib\libg.a(lib_a-errno.o)
 .comment       0x00000000       0x31 d:/tools/atmel/atmel toolchain/avr32 gcc/native/3.4.1067/avr32-gnu-toolchain/bin/../lib/gcc/avr32/4.4.7/../../../../avr32/lib\libg.a(lib_a-findfp.o)
 .comment       0x00000000       0x31 d:/tools/atmel/atmel toolchain/avr32 gcc/native/3.4.1067/avr32-gnu-toolchain/bin/../lib/gcc/avr32/4.4.7/../../../../avr32/lib\libg.a(lib_a-malloc.o)
 .comment       0x00000000       0x31 d:/tools/atmel/atmel toolchain/avr32 gcc/native/3.4.1067/avr32-gnu-toolchain/bin/../lib/gcc/avr32/4.4.7/../../../../avr32/lib\libg.a(lib_a-mallocr.o)
 .comment       0x00000000       0x31 d:/tools/atmel/atmel toolchain/avr32 gcc/native/3.4.1067/avr32-gnu-toolchain/bin/../lib/gcc/avr32/4.4.7/../../../../avr32/lib\libg.a(lib_a-mlock.o)
 .comment       0x00000000       0x31 d:/tools/atmel/atmel toolchain/avr32 gcc/native/3.4.1067/avr32-gnu-toolchain/bin/../lib/gcc/avr32/4.4.7/../../../../avr32/lib\libg.a(lib_a-reent.o)
 .comment       0x00000000       0x31 d:/tools/atmel/atmel toolchain/avr32 gcc/native/3.4.1067/avr32-gnu-toolchain/bin/../lib/gcc/avr32/4.4.7/../../../../avr32/lib\libg.a(lib_a-sbrkr.o)
 .comment       0x00000000       0x31 d:/tools/atmel/atmel toolchain/avr32 gcc/native/3.4.1067/avr32-gnu-toolchain/bin/../lib/gcc/avr32/4.4.7/../../../../avr32/lib\libg.a(lib_a-freer.o)
 .comment       0x00000000       0x31 d:/tools/atmel/atmel toolchain/avr32 gcc/native/3.4.1067/avr32-gnu-toolchain/bin/../lib/gcc/avr32/4.4.7/crtend.o

.debug
 *(.debug)

.line
 *(.line)

.debug_srcinfo
 *(.debug_srcinfo)

.debug_sfnames
 *(.debug_sfnames)

.debug_aranges  0x00000000      0x320
 *(.debug_aranges)
 .debug_aranges
                0x00000000       0x20 Debug/entry.o
 .debug_aranges
                0x00000020       0x20 d:/tools/atmel/atmel toolchain/avr32 gcc/native/3.4.1067/avr32-gnu-toolchain/bin/../lib/gcc/avr32/4.4.7/../../../../avr32/lib\libg.a(lib_a-atexit.o)
 .debug_aranges
                0x00000040       0x20 d:/tools/atmel/atmel toolchain/avr32 gcc/native/3.4.1067/avr32-gnu-toolchain/bin/../lib/gcc/avr32/4.4.7/../../../../avr32/lib\libg.a(lib_a-exit.o)
 .debug_aranges
                0x00000060       0xf8 d:/tools/atmel/atmel toolchain/avr32 gcc/native/3.4.1067/avr32-gnu-toolchain/bin/../lib/gcc/avr32/4.4.7/../../../../avr32/lib\libg.a(lib_a-syscalls.o)
 .debug_aranges
                0x00000158       0x20 d:/tools/atmel/atmel toolchain/avr32 gcc/native/3.4.1067/avr32-gnu-toolchain/bin/../lib/gcc/avr32/4.4.7/../../../../avr32/lib\libg.a(lib_a-__atexit.o)
 .debug_aranges
                0x00000178       0x20 d:/tools/atmel/atmel toolchain/avr32 gcc/native/3.4.1067/avr32-gnu-toolchain/bin/../lib/gcc/avr32/4.4.7/../../../../avr32/lib\libg.a(lib_a-__call_atexit.o)
 .debug_aranges
                0x00000198       0x20 d:/tools/atmel/atmel toolchain/avr32 gcc/native/3.4.1067/avr32-gnu-toolchain/bin/../lib/gcc/avr32/4.4.7/../../../../avr32/lib\libg.a(lib_a-errno.o)
 .debug_aranges
                0x000001b8       0x80 d:/tools/atmel/atmel toolchain/avr32 gcc/native/3.4.1067/avr32-gnu-toolchain/bin/../lib/gcc/avr32/4.4.7/../../../../avr32/lib\libg.a(lib_a-findfp.o)
 .debug_aranges
                0x00000238       0x28 d:/tools/atmel/atmel toolchain/avr32 gcc/native/3.4.1067/avr32-gnu-toolchain/bin/../lib/gcc/avr32/4.4.7/../../../../avr32/lib\libg.a(lib_a-malloc.o)
 .debug_aranges
                0x00000260       0x20 d:/tools/atmel/atmel toolchain/avr32 gcc/native/3.4.1067/avr32-gnu-toolchain/bin/../lib/gcc/avr32/4.4.7/../../../../avr32/lib\libg.a(lib_a-mallocr.o)
 .debug_aranges
                0x00000280       0x28 d:/tools/atmel/atmel toolchain/avr32 gcc/native/3.4.1067/avr32-gnu-toolchain/bin/../lib/gcc/avr32/4.4.7/../../../../avr32/lib\libg.a(lib_a-mlock.o)
 .debug_aranges
                0x000002a8       0x30 d:/tools/atmel/atmel toolchain/avr32 gcc/native/3.4.1067/avr32-gnu-toolchain/bin/../lib/gcc/avr32/4.4.7/../../../../avr32/lib\libg.a(lib_a-reent.o)
 .debug_aranges
                0x000002d8       0x20 d:/tools/atmel/atmel toolchain/avr32 gcc/native/3.4.1067/avr32-gnu-toolchain/bin/../lib/gcc/avr32/4.4.7/../../../../avr32/lib\libg.a(lib_a-sbrkr.o)
 .debug_aranges
                0x000002f8       0x28 d:/tools/atmel/atmel toolchain/avr32 gcc/native/3.4.1067/avr32-gnu-toolchain/bin/../lib/gcc/avr32/4.4.7/../../../../avr32/lib\libg.a(lib_a-freer.o)

.debug_pubnames
                0x00000000      0x552
 *(.debug_pubnames)
 .debug_pubnames
                0x00000000       0x1b Debug/entry.o
 .debug_pubnames
                0x0000001b       0x1d d:/tools/atmel/atmel toolchain/avr32 gcc/native/3.4.1067/avr32-gnu-toolchain/bin/../lib/gcc/avr32/4.4.7/../../../../avr32/lib\libg.a(lib_a-atexit.o)
 .debug_pubnames
                0x00000038       0x1b d:/tools/atmel/atmel toolchain/avr32 gcc/native/3.4.1067/avr32-gnu-toolchain/bin/../lib/gcc/avr32/4.4.7/../../../../avr32/lib\libg.a(lib_a-exit.o)
 .debug_pubnames
                0x00000053       0x39 d:/tools/atmel/atmel toolchain/avr32 gcc/native/3.4.1067/avr32-gnu-toolchain/bin/../lib/gcc/avr32/4.4.7/../../../../avr32/lib\libg.a(lib_a-impure.o)
 .debug_pubnames
                0x0000008c      0x171 d:/tools/atmel/atmel toolchain/avr32 gcc/native/3.4.1067/avr32-gnu-toolchain/bin/../lib/gcc/avr32/4.4.7/../../../../avr32/lib\libg.a(lib_a-syscalls.o)
 .debug_pubnames
                0x000001fd       0x2a d:/tools/atmel/atmel toolchain/avr32 gcc/native/3.4.1067/avr32-gnu-toolchain/bin/../lib/gcc/avr32/4.4.7/../../../../avr32/lib\libg.a(lib_a-__atexit.o)
 .debug_pubnames
                0x00000227       0x27 d:/tools/atmel/atmel toolchain/avr32 gcc/native/3.4.1067/avr32-gnu-toolchain/bin/../lib/gcc/avr32/4.4.7/../../../../avr32/lib\libg.a(lib_a-__call_atexit.o)
 .debug_pubnames
                0x0000024e       0x1e d:/tools/atmel/atmel toolchain/avr32 gcc/native/3.4.1067/avr32-gnu-toolchain/bin/../lib/gcc/avr32/4.4.7/../../../../avr32/lib\libg.a(lib_a-errno.o)
 .debug_pubnames
                0x0000026c      0x119 d:/tools/atmel/atmel toolchain/avr32 gcc/native/3.4.1067/avr32-gnu-toolchain/bin/../lib/gcc/avr32/4.4.7/../../../../avr32/lib\libg.a(lib_a-findfp.o)
 .debug_pubnames
                0x00000385       0x26 d:/tools/atmel/atmel toolchain/avr32 gcc/native/3.4.1067/avr32-gnu-toolchain/bin/../lib/gcc/avr32/4.4.7/../../../../avr32/lib\libg.a(lib_a-malloc.o)
 .debug_pubnames
                0x000003ab       0xce d:/tools/atmel/atmel toolchain/avr32 gcc/native/3.4.1067/avr32-gnu-toolchain/bin/../lib/gcc/avr32/4.4.7/../../../../avr32/lib\libg.a(lib_a-mallocr.o)
 .debug_pubnames
                0x00000479       0x38 d:/tools/atmel/atmel toolchain/avr32 gcc/native/3.4.1067/avr32-gnu-toolchain/bin/../lib/gcc/avr32/4.4.7/../../../../avr32/lib\libg.a(lib_a-mlock.o)
 .debug_pubnames
                0x000004b1       0x52 d:/tools/atmel/atmel toolchain/avr32 gcc/native/3.4.1067/avr32-gnu-toolchain/bin/../lib/gcc/avr32/4.4.7/../../../../avr32/lib\libg.a(lib_a-reent.o)
 .debug_pubnames
                0x00000503       0x1e d:/tools/atmel/atmel toolchain/avr32 gcc/native/3.4.1067/avr32-gnu-toolchain/bin/../lib/gcc/avr32/4.4.7/../../../../avr32/lib\libg.a(lib_a-sbrkr.o)
 .debug_pubnames
                0x00000521       0x31 d:/tools/atmel/atmel toolchain/avr32 gcc/native/3.4.1067/avr32-gnu-toolchain/bin/../lib/gcc/avr32/4.4.7/../../../../avr32/lib\libg.a(lib_a-freer.o)

.debug_info     0x00000000     0x7f4d
 *(.debug_info .gnu.linkonce.wi.*)
 .debug_info    0x00000000       0x75 Debug/entry.o
 .debug_info    0x00000075       0xc5 d:/tools/atmel/atmel toolchain/avr32 gcc/native/3.4.1067/avr32-gnu-toolchain/bin/../lib/gcc/avr32/4.4.7/../../../../avr32/lib\libg.a(lib_a-atexit.o)
 .debug_info    0x0000013a      0x8b7 d:/tools/atmel/atmel toolchain/avr32 gcc/native/3.4.1067/avr32-gnu-toolchain/bin/../lib/gcc/avr32/4.4.7/../../../../avr32/lib\libg.a(lib_a-exit.o)
 .debug_info    0x000009f1      0x960 d:/tools/atmel/atmel toolchain/avr32 gcc/native/3.4.1067/avr32-gnu-toolchain/bin/../lib/gcc/avr32/4.4.7/../../../../avr32/lib\libg.a(lib_a-impure.o)
 .debug_info    0x00001351      0x93a d:/tools/atmel/atmel toolchain/avr32 gcc/native/3.4.1067/avr32-gnu-toolchain/bin/../lib/gcc/avr32/4.4.7/../../../../avr32/lib\libg.a(lib_a-syscalls.o)
 .debug_info    0x00001c8b      0x92c d:/tools/atmel/atmel toolchain/avr32 gcc/native/3.4.1067/avr32-gnu-toolchain/bin/../lib/gcc/avr32/4.4.7/../../../../avr32/lib\libg.a(lib_a-__atexit.o)
 .debug_info    0x000025b7      0x931 d:/tools/atmel/atmel toolchain/avr32 gcc/native/3.4.1067/avr32-gnu-toolchain/bin/../lib/gcc/avr32/4.4.7/../../../../avr32/lib\libg.a(lib_a-__call_atexit.o)
 .debug_info    0x00002ee8      0x8a6 d:/tools/atmel/atmel toolchain/avr32 gcc/native/3.4.1067/avr32-gnu-toolchain/bin/../lib/gcc/avr32/4.4.7/../../../../avr32/lib\libg.a(lib_a-errno.o)
 .debug_info    0x0000378e      0xc2a d:/tools/atmel/atmel toolchain/avr32 gcc/native/3.4.1067/avr32-gnu-toolchain/bin/../lib/gcc/avr32/4.4.7/../../../../avr32/lib\libg.a(lib_a-findfp.o)
 .debug_info    0x000043b8      0x8ea d:/tools/atmel/atmel toolchain/avr32 gcc/native/3.4.1067/avr32-gnu-toolchain/bin/../lib/gcc/avr32/4.4.7/../../../../avr32/lib\libg.a(lib_a-malloc.o)
 .debug_info    0x00004ca2      0xc4e d:/tools/atmel/atmel toolchain/avr32 gcc/native/3.4.1067/avr32-gnu-toolchain/bin/../lib/gcc/avr32/4.4.7/../../../../avr32/lib\libg.a(lib_a-mallocr.o)
 .debug_info    0x000058f0      0x8cf d:/tools/atmel/atmel toolchain/avr32 gcc/native/3.4.1067/avr32-gnu-toolchain/bin/../lib/gcc/avr32/4.4.7/../../../../avr32/lib\libg.a(lib_a-mlock.o)
 .debug_info    0x000061bf      0x973 d:/tools/atmel/atmel toolchain/avr32 gcc/native/3.4.1067/avr32-gnu-toolchain/bin/../lib/gcc/avr32/4.4.7/../../../../avr32/lib\libg.a(lib_a-reent.o)
 .debug_info    0x00006b32      0x8de d:/tools/atmel/atmel toolchain/avr32 gcc/native/3.4.1067/avr32-gnu-toolchain/bin/../lib/gcc/avr32/4.4.7/../../../../avr32/lib\libg.a(lib_a-sbrkr.o)
 .debug_info    0x00007410      0xb3d d:/tools/atmel/atmel toolchain/avr32 gcc/native/3.4.1067/avr32-gnu-toolchain/bin/../lib/gcc/avr32/4.4.7/../../../../avr32/lib\libg.a(lib_a-freer.o)

.debug_abbrev   0x00000000     0x167e
 *(.debug_abbrev)
 .debug_abbrev  0x00000000       0x41 Debug/entry.o
 .debug_abbrev  0x00000041       0x81 d:/tools/atmel/atmel toolchain/avr32 gcc/native/3.4.1067/avr32-gnu-toolchain/bin/../lib/gcc/avr32/4.4.7/../../../../avr32/lib\libg.a(lib_a-atexit.o)
 .debug_abbrev  0x000000c2      0x15f d:/tools/atmel/atmel toolchain/avr32 gcc/native/3.4.1067/avr32-gnu-toolchain/bin/../lib/gcc/avr32/4.4.7/../../../../avr32/lib\libg.a(lib_a-exit.o)
 .debug_abbrev  0x00000221      0x160 d:/tools/atmel/atmel toolchain/avr32 gcc/native/3.4.1067/avr32-gnu-toolchain/bin/../lib/gcc/avr32/4.4.7/../../../../avr32/lib\libg.a(lib_a-impure.o)
 .debug_abbrev  0x00000381      0x19a d:/tools/atmel/atmel toolchain/avr32 gcc/native/3.4.1067/avr32-gnu-toolchain/bin/../lib/gcc/avr32/4.4.7/../../../../avr32/lib\libg.a(lib_a-syscalls.o)
 .debug_abbrev  0x0000051b      0x1b5 d:/tools/atmel/atmel toolchain/avr32 gcc/native/3.4.1067/avr32-gnu-toolchain/bin/../lib/gcc/avr32/4.4.7/../../../../avr32/lib\libg.a(lib_a-__atexit.o)
 .debug_abbrev  0x000006d0      0x1bc d:/tools/atmel/atmel toolchain/avr32 gcc/native/3.4.1067/avr32-gnu-toolchain/bin/../lib/gcc/avr32/4.4.7/../../../../avr32/lib\libg.a(lib_a-__call_atexit.o)
 .debug_abbrev  0x0000088c      0x150 d:/tools/atmel/atmel toolchain/avr32 gcc/native/3.4.1067/avr32-gnu-toolchain/bin/../lib/gcc/avr32/4.4.7/../../../../avr32/lib\libg.a(lib_a-errno.o)
 .debug_abbrev  0x000009dc      0x28c d:/tools/atmel/atmel toolchain/avr32 gcc/native/3.4.1067/avr32-gnu-toolchain/bin/../lib/gcc/avr32/4.4.7/../../../../avr32/lib\libg.a(lib_a-findfp.o)
 .debug_abbrev  0x00000c68      0x178 d:/tools/atmel/atmel toolchain/avr32 gcc/native/3.4.1067/avr32-gnu-toolchain/bin/../lib/gcc/avr32/4.4.7/../../../../avr32/lib\libg.a(lib_a-malloc.o)
 .debug_abbrev  0x00000de0      0x205 d:/tools/atmel/atmel toolchain/avr32 gcc/native/3.4.1067/avr32-gnu-toolchain/bin/../lib/gcc/avr32/4.4.7/../../../../avr32/lib\libg.a(lib_a-mallocr.o)
 .debug_abbrev  0x00000fe5      0x15b d:/tools/atmel/atmel toolchain/avr32 gcc/native/3.4.1067/avr32-gnu-toolchain/bin/../lib/gcc/avr32/4.4.7/../../../../avr32/lib\libg.a(lib_a-mlock.o)
 .debug_abbrev  0x00001140      0x1e6 d:/tools/atmel/atmel toolchain/avr32 gcc/native/3.4.1067/avr32-gnu-toolchain/bin/../lib/gcc/avr32/4.4.7/../../../../avr32/lib\libg.a(lib_a-reent.o)
 .debug_abbrev  0x00001326      0x17f d:/tools/atmel/atmel toolchain/avr32 gcc/native/3.4.1067/avr32-gnu-toolchain/bin/../lib/gcc/avr32/4.4.7/../../../../avr32/lib\libg.a(lib_a-sbrkr.o)
 .debug_abbrev  0x000014a5      0x1d9 d:/tools/atmel/atmel toolchain/avr32 gcc/native/3.4.1067/avr32-gnu-toolchain/bin/../lib/gcc/avr32/4.4.7/../../../../avr32/lib\libg.a(lib_a-freer.o)

.debug_line     0x00000000     0x2a5c
 *(.debug_line)
 .debug_line    0x00000000       0x3f Debug/entry.o
 .debug_line    0x0000003f      0x120 d:/tools/atmel/atmel toolchain/avr32 gcc/native/3.4.1067/avr32-gnu-toolchain/bin/../lib/gcc/avr32/4.4.7/../../../../avr32/lib\libg.a(lib_a-atexit.o)
 .debug_line    0x0000015f      0x23e d:/tools/atmel/atmel toolchain/avr32 gcc/native/3.4.1067/avr32-gnu-toolchain/bin/../lib/gcc/avr32/4.4.7/../../../../avr32/lib\libg.a(lib_a-exit.o)
 .debug_line    0x0000039d      0x1a3 d:/tools/atmel/atmel toolchain/avr32 gcc/native/3.4.1067/avr32-gnu-toolchain/bin/../lib/gcc/avr32/4.4.7/../../../../avr32/lib\libg.a(lib_a-impure.o)
 .debug_line    0x00000540      0x610 d:/tools/atmel/atmel toolchain/avr32 gcc/native/3.4.1067/avr32-gnu-toolchain/bin/../lib/gcc/avr32/4.4.7/../../../../avr32/lib\libg.a(lib_a-syscalls.o)
 .debug_line    0x00000b50      0x282 d:/tools/atmel/atmel toolchain/avr32 gcc/native/3.4.1067/avr32-gnu-toolchain/bin/../lib/gcc/avr32/4.4.7/../../../../avr32/lib\libg.a(lib_a-__atexit.o)
 .debug_line    0x00000dd2      0x2a1 d:/tools/atmel/atmel toolchain/avr32 gcc/native/3.4.1067/avr32-gnu-toolchain/bin/../lib/gcc/avr32/4.4.7/../../../../avr32/lib\libg.a(lib_a-__call_atexit.o)
 .debug_line    0x00001073      0x1c9 d:/tools/atmel/atmel toolchain/avr32 gcc/native/3.4.1067/avr32-gnu-toolchain/bin/../lib/gcc/avr32/4.4.7/../../../../avr32/lib\libg.a(lib_a-errno.o)
 .debug_line    0x0000123c      0x5bc d:/tools/atmel/atmel toolchain/avr32 gcc/native/3.4.1067/avr32-gnu-toolchain/bin/../lib/gcc/avr32/4.4.7/../../../../avr32/lib\libg.a(lib_a-findfp.o)
 .debug_line    0x000017f8      0x24c d:/tools/atmel/atmel toolchain/avr32 gcc/native/3.4.1067/avr32-gnu-toolchain/bin/../lib/gcc/avr32/4.4.7/../../../../avr32/lib\libg.a(lib_a-malloc.o)
 .debug_line    0x00001a44      0x584 d:/tools/atmel/atmel toolchain/avr32 gcc/native/3.4.1067/avr32-gnu-toolchain/bin/../lib/gcc/avr32/4.4.7/../../../../avr32/lib\libg.a(lib_a-mallocr.o)
 .debug_line    0x00001fc8      0x1cf d:/tools/atmel/atmel toolchain/avr32 gcc/native/3.4.1067/avr32-gnu-toolchain/bin/../lib/gcc/avr32/4.4.7/../../../../avr32/lib\libg.a(lib_a-mlock.o)
 .debug_line    0x00002197      0x2ed d:/tools/atmel/atmel toolchain/avr32 gcc/native/3.4.1067/avr32-gnu-toolchain/bin/../lib/gcc/avr32/4.4.7/../../../../avr32/lib\libg.a(lib_a-reent.o)
 .debug_line    0x00002484      0x24f d:/tools/atmel/atmel toolchain/avr32 gcc/native/3.4.1067/avr32-gnu-toolchain/bin/../lib/gcc/avr32/4.4.7/../../../../avr32/lib\libg.a(lib_a-sbrkr.o)
 .debug_line    0x000026d3      0x389 d:/tools/atmel/atmel toolchain/avr32 gcc/native/3.4.1067/avr32-gnu-toolchain/bin/../lib/gcc/avr32/4.4.7/../../../../avr32/lib\libg.a(lib_a-freer.o)

.debug_frame    0x00000000      0x6c4
 *(.debug_frame)
 .debug_frame   0x00000000       0x4c d:/tools/atmel/atmel toolchain/avr32 gcc/native/3.4.1067/avr32-gnu-toolchain/bin/../lib/gcc/avr32/4.4.7/crtbegin.o
 .debug_frame   0x0000004c       0x20 Debug/entry.o
 .debug_frame   0x0000006c       0x28 d:/tools/atmel/atmel toolchain/avr32 gcc/native/3.4.1067/avr32-gnu-toolchain/bin/../lib/gcc/avr32/4.4.7/../../../../avr32/lib\libg.a(lib_a-atexit.o)
 .debug_frame   0x00000094       0x34 d:/tools/atmel/atmel toolchain/avr32 gcc/native/3.4.1067/avr32-gnu-toolchain/bin/../lib/gcc/avr32/4.4.7/../../../../avr32/lib\libg.a(lib_a-exit.o)
 .debug_frame   0x000000c8      0x220 d:/tools/atmel/atmel toolchain/avr32 gcc/native/3.4.1067/avr32-gnu-toolchain/bin/../lib/gcc/avr32/4.4.7/../../../../avr32/lib\libg.a(lib_a-syscalls.o)
 .debug_frame   0x000002e8       0x40 d:/tools/atmel/atmel toolchain/avr32 gcc/native/3.4.1067/avr32-gnu-toolchain/bin/../lib/gcc/avr32/4.4.7/../../../../avr32/lib\libg.a(lib_a-__atexit.o)
 .debug_frame   0x00000328       0x44 d:/tools/atmel/atmel toolchain/avr32 gcc/native/3.4.1067/avr32-gnu-toolchain/bin/../lib/gcc/avr32/4.4.7/../../../../avr32/lib\libg.a(lib_a-__call_atexit.o)
 .debug_frame   0x0000036c       0x20 d:/tools/atmel/atmel toolchain/avr32 gcc/native/3.4.1067/avr32-gnu-toolchain/bin/../lib/gcc/avr32/4.4.7/../../../../avr32/lib\libg.a(lib_a-errno.o)
 .debug_frame   0x0000038c      0x148 d:/tools/atmel/atmel toolchain/avr32 gcc/native/3.4.1067/avr32-gnu-toolchain/bin/../lib/gcc/avr32/4.4.7/../../../../avr32/lib\libg.a(lib_a-findfp.o)
 .debug_frame   0x000004d4       0x40 d:/tools/atmel/atmel toolchain/avr32 gcc/native/3.4.1067/avr32-gnu-toolchain/bin/../lib/gcc/avr32/4.4.7/../../../../avr32/lib\libg.a(lib_a-malloc.o)
 .debug_frame   0x00000514       0x40 d:/tools/atmel/atmel toolchain/avr32 gcc/native/3.4.1067/avr32-gnu-toolchain/bin/../lib/gcc/avr32/4.4.7/../../../../avr32/lib\libg.a(lib_a-mallocr.o)
 .debug_frame   0x00000554       0x30 d:/tools/atmel/atmel toolchain/avr32 gcc/native/3.4.1067/avr32-gnu-toolchain/bin/../lib/gcc/avr32/4.4.7/../../../../avr32/lib\libg.a(lib_a-mlock.o)
 .debug_frame   0x00000584       0x80 d:/tools/atmel/atmel toolchain/avr32 gcc/native/3.4.1067/avr32-gnu-toolchain/bin/../lib/gcc/avr32/4.4.7/../../../../avr32/lib\libg.a(lib_a-reent.o)
 .debug_frame   0x00000604       0x34 d:/tools/atmel/atmel toolchain/avr32 gcc/native/3.4.1067/avr32-gnu-toolchain/bin/../lib/gcc/avr32/4.4.7/../../../../avr32/lib\libg.a(lib_a-sbrkr.o)
 .debug_frame   0x00000638       0x58 d:/tools/atmel/atmel toolchain/avr32 gcc/native/3.4.1067/avr32-gnu-toolchain/bin/../lib/gcc/avr32/4.4.7/../../../../avr32/lib\libg.a(lib_a-freer.o)
 .debug_frame   0x00000690       0x34 d:/tools/atmel/atmel toolchain/avr32 gcc/native/3.4.1067/avr32-gnu-toolchain/bin/../lib/gcc/avr32/4.4.7/crtend.o

.debug_str      0x00000000     0x103a
 *(.debug_str)
 .debug_str     0x00000000       0x70 Debug/entry.o
                                 0xa4 (size before relaxing)
 .debug_str     0x00000070       0xb7 d:/tools/atmel/atmel toolchain/avr32 gcc/native/3.4.1067/avr32-gnu-toolchain/bin/../lib/gcc/avr32/4.4.7/../../../../avr32/lib\libg.a(lib_a-atexit.o)
                                0x136 (size before relaxing)
 .debug_str     0x00000127      0x3bc d:/tools/atmel/atmel toolchain/avr32 gcc/native/3.4.1067/avr32-gnu-toolchain/bin/../lib/gcc/avr32/4.4.7/../../../../avr32/lib\libg.a(lib_a-exit.o)
                                0x4b0 (size before relaxing)
 .debug_str     0x000004e3       0xb4 d:/tools/atmel/atmel toolchain/avr32 gcc/native/3.4.1067/avr32-gnu-toolchain/bin/../lib/gcc/avr32/4.4.7/../../../../avr32/lib\libg.a(lib_a-impure.o)
                                0x4fe (size before relaxing)
 .debug_str     0x00000597      0x334 d:/tools/atmel/atmel toolchain/avr32 gcc/native/3.4.1067/avr32-gnu-toolchain/bin/../lib/gcc/avr32/4.4.7/../../../../avr32/lib\libg.a(lib_a-syscalls.o)
                                0x439 (size before relaxing)
 .debug_str     0x000008cb       0x85 d:/tools/atmel/atmel toolchain/avr32 gcc/native/3.4.1067/avr32-gnu-toolchain/bin/../lib/gcc/avr32/4.4.7/../../../../avr32/lib\libg.a(lib_a-__atexit.o)
                                0x4fd (size before relaxing)
 .debug_str     0x00000950       0x90 d:/tools/atmel/atmel toolchain/avr32 gcc/native/3.4.1067/avr32-gnu-toolchain/bin/../lib/gcc/avr32/4.4.7/../../../../avr32/lib\libg.a(lib_a-__call_atexit.o)
                                0x4d8 (size before relaxing)
 .debug_str     0x000009e0       0x70 d:/tools/atmel/atmel toolchain/avr32 gcc/native/3.4.1067/avr32-gnu-toolchain/bin/../lib/gcc/avr32/4.4.7/../../../../avr32/lib\libg.a(lib_a-errno.o)
                                0x4a7 (size before relaxing)
 .debug_str     0x00000a50      0x131 d:/tools/atmel/atmel toolchain/avr32 gcc/native/3.4.1067/avr32-gnu-toolchain/bin/../lib/gcc/avr32/4.4.7/../../../../avr32/lib\libg.a(lib_a-findfp.o)
                                0x5d8 (size before relaxing)
 .debug_str     0x00000b81       0x89 d:/tools/atmel/atmel toolchain/avr32 gcc/native/3.4.1067/avr32-gnu-toolchain/bin/../lib/gcc/avr32/4.4.7/../../../../avr32/lib\libg.a(lib_a-malloc.o)
                                0x4c0 (size before relaxing)
 .debug_str     0x00000c0a      0x237 d:/tools/atmel/atmel toolchain/avr32 gcc/native/3.4.1067/avr32-gnu-toolchain/bin/../lib/gcc/avr32/4.4.7/../../../../avr32/lib\libg.a(lib_a-mallocr.o)
                                0x695 (size before relaxing)
 .debug_str     0x00000e41       0x9c d:/tools/atmel/atmel toolchain/avr32 gcc/native/3.4.1067/avr32-gnu-toolchain/bin/../lib/gcc/avr32/4.4.7/../../../../avr32/lib\libg.a(lib_a-mlock.o)
                                0x4c7 (size before relaxing)
 .debug_str     0x00000edd       0xa2 d:/tools/atmel/atmel toolchain/avr32 gcc/native/3.4.1067/avr32-gnu-toolchain/bin/../lib/gcc/avr32/4.4.7/../../../../avr32/lib\libg.a(lib_a-reent.o)
                                0x4e4 (size before relaxing)
 .debug_str     0x00000f7f       0x7f d:/tools/atmel/atmel toolchain/avr32 gcc/native/3.4.1067/avr32-gnu-toolchain/bin/../lib/gcc/avr32/4.4.7/../../../../avr32/lib\libg.a(lib_a-sbrkr.o)
                                0x4b0 (size before relaxing)
 .debug_str     0x00000ffe       0x3c d:/tools/atmel/atmel toolchain/avr32 gcc/native/3.4.1067/avr32-gnu-toolchain/bin/../lib/gcc/avr32/4.4.7/../../../../avr32/lib\libg.a(lib_a-freer.o)
                                0x5e7 (size before relaxing)

.debug_loc      0x00000000     0x1175
 *(.debug_loc)
 .debug_loc     0x00000000       0x32 d:/tools/atmel/atmel toolchain/avr32 gcc/native/3.4.1067/avr32-gnu-toolchain/bin/../lib/gcc/avr32/4.4.7/../../../../avr32/lib\libg.a(lib_a-atexit.o)
 .debug_loc     0x00000032       0x3d d:/tools/atmel/atmel toolchain/avr32 gcc/native/3.4.1067/avr32-gnu-toolchain/bin/../lib/gcc/avr32/4.4.7/../../../../avr32/lib\libg.a(lib_a-exit.o)
 .debug_loc     0x0000006f      0x268 d:/tools/atmel/atmel toolchain/avr32 gcc/native/3.4.1067/avr32-gnu-toolchain/bin/../lib/gcc/avr32/4.4.7/../../../../avr32/lib\libg.a(lib_a-syscalls.o)
 .debug_loc     0x000002d7       0xe9 d:/tools/atmel/atmel toolchain/avr32 gcc/native/3.4.1067/avr32-gnu-toolchain/bin/../lib/gcc/avr32/4.4.7/../../../../avr32/lib\libg.a(lib_a-__atexit.o)
 .debug_loc     0x000003c0       0xf0 d:/tools/atmel/atmel toolchain/avr32 gcc/native/3.4.1067/avr32-gnu-toolchain/bin/../lib/gcc/avr32/4.4.7/../../../../avr32/lib\libg.a(lib_a-__call_atexit.o)
 .debug_loc     0x000004b0      0x202 d:/tools/atmel/atmel toolchain/avr32 gcc/native/3.4.1067/avr32-gnu-toolchain/bin/../lib/gcc/avr32/4.4.7/../../../../avr32/lib\libg.a(lib_a-findfp.o)
 .debug_loc     0x000006b2       0x64 d:/tools/atmel/atmel toolchain/avr32 gcc/native/3.4.1067/avr32-gnu-toolchain/bin/../lib/gcc/avr32/4.4.7/../../../../avr32/lib\libg.a(lib_a-malloc.o)
 .debug_loc     0x00000716      0x59a d:/tools/atmel/atmel toolchain/avr32 gcc/native/3.4.1067/avr32-gnu-toolchain/bin/../lib/gcc/avr32/4.4.7/../../../../avr32/lib\libg.a(lib_a-mallocr.o)
 .debug_loc     0x00000cb0      0x10a d:/tools/atmel/atmel toolchain/avr32 gcc/native/3.4.1067/avr32-gnu-toolchain/bin/../lib/gcc/avr32/4.4.7/../../../../avr32/lib\libg.a(lib_a-reent.o)
 .debug_loc     0x00000dba       0x63 d:/tools/atmel/atmel toolchain/avr32 gcc/native/3.4.1067/avr32-gnu-toolchain/bin/../lib/gcc/avr32/4.4.7/../../../../avr32/lib\libg.a(lib_a-sbrkr.o)
 .debug_loc     0x00000e1d      0x358 d:/tools/atmel/atmel toolchain/avr32 gcc/native/3.4.1067/avr32-gnu-toolchain/bin/../lib/gcc/avr32/4.4.7/../../../../avr32/lib\libg.a(lib_a-freer.o)

.debug_macinfo
 *(.debug_macinfo)

.debug_weaknames
 *(.debug_weaknames)

.debug_funcnames
 *(.debug_funcnames)

.debug_typenames
 *(.debug_typenames)

.debug_varnames
 *(.debug_varnames)

.stack          0x24007000     0x1000
                0x24007000                _stack = .
 *(.stack)
                0x00001000                . = _stack_size
 *fill*         0x24007000     0x1000 
                0x24008000                _estack = .

/DISCARD/
 *(.note.GNU-stack)
OUTPUT(Debug/eos.elf elf32-avr32)

.debug_ranges   0x00000000      0x310
 .debug_ranges  0x00000000       0x18 d:/tools/atmel/atmel toolchain/avr32 gcc/native/3.4.1067/avr32-gnu-toolchain/bin/../lib/gcc/avr32/4.4.7/../../../../avr32/lib\libg.a(lib_a-atexit.o)
 .debug_ranges  0x00000018       0x18 d:/tools/atmel/atmel toolchain/avr32 gcc/native/3.4.1067/avr32-gnu-toolchain/bin/../lib/gcc/avr32/4.4.7/../../../../avr32/lib\libg.a(lib_a-exit.o)
 .debug_ranges  0x00000030       0xf0 d:/tools/atmel/atmel toolchain/avr32 gcc/native/3.4.1067/avr32-gnu-toolchain/bin/../lib/gcc/avr32/4.4.7/../../../../avr32/lib\libg.a(lib_a-syscalls.o)
 .debug_ranges  0x00000120       0x18 d:/tools/atmel/atmel toolchain/avr32 gcc/native/3.4.1067/avr32-gnu-toolchain/bin/../lib/gcc/avr32/4.4.7/../../../../avr32/lib\libg.a(lib_a-__atexit.o)
 .debug_ranges  0x00000138       0x18 d:/tools/atmel/atmel toolchain/avr32 gcc/native/3.4.1067/avr32-gnu-toolchain/bin/../lib/gcc/avr32/4.4.7/../../../../avr32/lib\libg.a(lib_a-__call_atexit.o)
 .debug_ranges  0x00000150       0x18 d:/tools/atmel/atmel toolchain/avr32 gcc/native/3.4.1067/avr32-gnu-toolchain/bin/../lib/gcc/avr32/4.4.7/../../../../avr32/lib\libg.a(lib_a-errno.o)
 .debug_ranges  0x00000168       0xf0 d:/tools/atmel/atmel toolchain/avr32 gcc/native/3.4.1067/avr32-gnu-toolchain/bin/../lib/gcc/avr32/4.4.7/../../../../avr32/lib\libg.a(lib_a-findfp.o)
 .debug_ranges  0x00000258       0x20 d:/tools/atmel/atmel toolchain/avr32 gcc/native/3.4.1067/avr32-gnu-toolchain/bin/../lib/gcc/avr32/4.4.7/../../../../avr32/lib\libg.a(lib_a-malloc.o)
 .debug_ranges  0x00000278       0x18 d:/tools/atmel/atmel toolchain/avr32 gcc/native/3.4.1067/avr32-gnu-toolchain/bin/../lib/gcc/avr32/4.4.7/../../../../avr32/lib\libg.a(lib_a-mallocr.o)
 .debug_ranges  0x00000290       0x20 d:/tools/atmel/atmel toolchain/avr32 gcc/native/3.4.1067/avr32-gnu-toolchain/bin/../lib/gcc/avr32/4.4.7/../../../../avr32/lib\libg.a(lib_a-mlock.o)
 .debug_ranges  0x000002b0       0x28 d:/tools/atmel/atmel toolchain/avr32 gcc/native/3.4.1067/avr32-gnu-toolchain/bin/../lib/gcc/avr32/4.4.7/../../../../avr32/lib\libg.a(lib_a-reent.o)
 .debug_ranges  0x000002d8       0x18 d:/tools/atmel/atmel toolchain/avr32 gcc/native/3.4.1067/avr32-gnu-toolchain/bin/../lib/gcc/avr32/4.4.7/../../../../avr32/lib\libg.a(lib_a-sbrkr.o)
 .debug_ranges  0x000002f0       0x20 d:/tools/atmel/atmel toolchain/avr32 gcc/native/3.4.1067/avr32-gnu-toolchain/bin/../lib/gcc/avr32/4.4.7/../../../../avr32/lib\libg.a(lib_a-freer.o)
